[    0.000000] Linux version 4.15.0-212-generic (buildd@lcy02-amd64-083) (gcc version 7.5.0 (Ubuntu 7.5.0-3ubuntu1~18.04)) #223-Ubuntu SMP Tue May 23 13:09:22 UTC 2023 (Ubuntu 4.15.0-212.223-generic 4.15.18)
[    0.000000] Command line: BOOT_IMAGE=/boot/vmlinuz-4.15.0-212-generic root=LABEL=cloudimg-rootfs ro console=tty1 console=ttyS0
[    0.000000] KERNEL supported cpus:
[    0.000000]   Intel GenuineIntel
[    0.000000]   AMD AuthenticAMD
[    0.000000]   Centaur CentaurHauls
[    0.000000] x86/fpu: x87 FPU will use FXSAVE
[    0.000000] e820: BIOS-provided physical RAM map:
[    0.000000] BIOS-e820: [mem 0x0000000000000000-0x000000000009fbff] usable
[    0.000000] BIOS-e820: [mem 0x000000000009fc00-0x000000000009ffff] reserved
[    0.000000] BIOS-e820: [mem 0x00000000000f0000-0x00000000000fffff] reserved
[    0.000000] BIOS-e820: [mem 0x0000000000100000-0x000000003ffeffff] usable
[    0.000000] BIOS-e820: [mem 0x000000003fff0000-0x000000003fffffff] ACPI data
[    0.000000] BIOS-e820: [mem 0x00000000fec00000-0x00000000fec00fff] reserved
[    0.000000] BIOS-e820: [mem 0x00000000fee00000-0x00000000fee00fff] reserved
[    0.000000] BIOS-e820: [mem 0x00000000fffc0000-0x00000000ffffffff] reserved
[    0.000000] NX (Execute Disable) protection: active
[    0.000000] SMBIOS 2.5 present.
[    0.000000] DMI: innotek GmbH VirtualBox/VirtualBox, BIOS VirtualBox 12/01/2006
[    0.000000] Hypervisor detected: KVM
[    0.000000] e820: last_pfn = 0x3fff0 max_arch_pfn = 0x400000000
[    0.000000] MTRR: Disabled
[    0.000000] x86/PAT: MTRRs disabled, skipping PAT initialization too.
[    0.000000] CPU MTRRs all blank - virtualized system.
[    0.000000] x86/PAT: Configuration [0-7]: WB  WT  UC- UC  WB  WT  UC- UC  
[    0.000000] found SMP MP-table at [mem 0x0009fff0-0x0009ffff]
[    0.000000] Scanning 1 areas for low memory corruption
[    0.000000] RAMDISK: [mem 0x359cb000-0x36cdcfff]
[    0.000000] ACPI: Early table checksum verification disabled
[    0.000000] ACPI: RSDP 0x00000000000E0000 000024 (v02 VBOX  )
[    0.000000] ACPI: XSDT 0x000000003FFF0030 00003C (v01 VBOX   VBOXXSDT 00000001 ASL  00000061)
[    0.000000] ACPI: FACP 0x000000003FFF00F0 0000F4 (v04 VBOX   VBOXFACP 00000001 ASL  00000061)
[    0.000000] ACPI: DSDT 0x000000003FFF0470 002325 (v02 VBOX   VBOXBIOS 00000002 INTL 20100528)
[    0.000000] ACPI: FACS 0x000000003FFF0200 000040
[    0.000000] ACPI: FACS 0x000000003FFF0200 000040
[    0.000000] ACPI: APIC 0x000000003FFF0240 00005C (v02 VBOX   VBOXAPIC 00000001 ASL  00000061)
[    0.000000] ACPI: SSDT 0x000000003FFF02A0 0001CC (v01 VBOX   VBOXCPUT 00000002 INTL 20100528)
[    0.000000] ACPI: Reserving FACP table memory at [mem 0x3fff00f0-0x3fff01e3]
[    0.000000] ACPI: Reserving DSDT table memory at [mem 0x3fff0470-0x3fff2794]
[    0.000000] ACPI: Reserving FACS table memory at [mem 0x3fff0200-0x3fff023f]
[    0.000000] ACPI: Reserving FACS table memory at [mem 0x3fff0200-0x3fff023f]
[    0.000000] ACPI: Reserving APIC table memory at [mem 0x3fff0240-0x3fff029b]
[    0.000000] ACPI: Reserving SSDT table memory at [mem 0x3fff02a0-0x3fff046b]
[    0.000000] No NUMA configuration found
[    0.000000] Faking a node at [mem 0x0000000000000000-0x000000003ffeffff]
[    0.000000] NODE_DATA(0) allocated [mem 0x3ffc5000-0x3ffeffff]
[    0.000000] kvm-clock: cpu 0, msr 0:3ff44001, primary cpu clock
[    0.000000] kvm-clock: Using msrs 4b564d01 and 4b564d00
[    0.000000] kvm-clock: using sched offset of 6674081366 cycles
[    0.000000] clocksource: kvm-clock: mask: 0xffffffffffffffff max_cycles: 0x1cd42e4dffb, max_idle_ns: 881590591483 ns
[    0.000000] Zone ranges:
[    0.000000]   DMA      [mem 0x0000000000001000-0x0000000000ffffff]
[    0.000000]   DMA32    [mem 0x0000000001000000-0x000000003ffeffff]
[    0.000000]   Normal   empty
[    0.000000]   Device   empty
[    0.000000] Movable zone start for each node
[    0.000000] Early memory node ranges
[    0.000000]   node   0: [mem 0x0000000000001000-0x000000000009efff]
[    0.000000]   node   0: [mem 0x0000000000100000-0x000000003ffeffff]
[    0.000000] Reserved but unavailable: 104 pages
[    0.000000] Initmem setup node 0 [mem 0x0000000000001000-0x000000003ffeffff]
[    0.000000] ACPI: PM-Timer IO Port: 0x4008
[    0.000000] IOAPIC[0]: apic_id 2, version 32, address 0xfec00000, GSI 0-23
[    0.000000] ACPI: INT_SRC_OVR (bus 0 bus_irq 0 global_irq 2 dfl dfl)
[    0.000000] ACPI: INT_SRC_OVR (bus 0 bus_irq 9 global_irq 9 low level)
[    0.000000] Using ACPI (MADT) for SMP configuration information
[    0.000000] smpboot: Allowing 2 CPUs, 0 hotplug CPUs
[    0.000000] PM: Registered nosave memory: [mem 0x00000000-0x00000fff]
[    0.000000] PM: Registered nosave memory: [mem 0x0009f000-0x0009ffff]
[    0.000000] PM: Registered nosave memory: [mem 0x000a0000-0x000effff]
[    0.000000] PM: Registered nosave memory: [mem 0x000f0000-0x000fffff]
[    0.000000] e820: [mem 0x40000000-0xfebfffff] available for PCI devices
[    0.000000] Booting paravirtualized kernel on KVM
[    0.000000] clocksource: refined-jiffies: mask: 0xffffffff max_cycles: 0xffffffff, max_idle_ns: 7645519600211568 ns
[    0.000000] setup_percpu: NR_CPUS:8192 nr_cpumask_bits:2 nr_cpu_ids:2 nr_node_ids:1
[    0.000000] percpu: Embedded 50 pages/cpu s167936 r8192 d28672 u1048576
[    0.000000] PV qspinlock hash table entries: 256 (order: 0, 4096 bytes)
[    0.000000] Built 1 zonelists, mobility grouping on.  Total pages: 257913
[    0.000000] Policy zone: DMA32
[    0.000000] Kernel command line: BOOT_IMAGE=/boot/vmlinuz-4.15.0-212-generic root=LABEL=cloudimg-rootfs ro console=tty1 console=ttyS0
[    0.000000] Memory: 982644K/1048120K available (12300K kernel code, 2477K rwdata, 4324K rodata, 2480K init, 2720K bss, 65476K reserved, 0K cma-reserved)
[    0.000000] SLUB: HWalign=64, Order=0-3, MinObjects=0, CPUs=2, Nodes=1
[    0.000000] ftrace: allocating 39508 entries in 155 pages
[    0.004000] Hierarchical RCU implementation.
[    0.004000] 	RCU restricting CPUs from NR_CPUS=8192 to nr_cpu_ids=2.
[    0.004000] 	Tasks RCU enabled.
[    0.004000] RCU: Adjusting geometry for rcu_fanout_leaf=16, nr_cpu_ids=2
[    0.004000] NR_IRQS: 524544, nr_irqs: 440, preallocated irqs: 16
[    0.004000] Console: colour VGA+ 80x25
[    0.004000] console [tty1] enabled
[    0.004000] console [ttyS0] enabled
[    0.004000] ACPI: Core revision 20170831
[    0.004000] ACPI: 2 ACPI AML tables successfully acquired and loaded
[    0.004000] APIC: Switch to symmetric I/O mode setup
[    0.004000] ..TIMER: vector=0x30 apic1=0 pin1=2 apic2=-1 pin2=-1
[    0.004011] tsc: Detected 2687.998 MHz processor
[    0.008017] Calibrating delay loop (skipped) preset value.. 5375.99 BogoMIPS (lpj=10751992)
[    0.012007] pid_max: default: 32768 minimum: 301
[    0.020065] Security Framework initialized
[    0.024010] Yama: becoming mindful.
[    0.028318] AppArmor: AppArmor initialized
[    0.049301] Dentry cache hash table entries: 131072 (order: 8, 1048576 bytes)
[    0.059313] Inode-cache hash table entries: 65536 (order: 7, 524288 bytes)
[    0.060264] Mount-cache hash table entries: 2048 (order: 2, 16384 bytes)
[    0.064246] Mountpoint-cache hash table entries: 2048 (order: 2, 16384 bytes)
[    0.076235] Last level iTLB entries: 4KB 0, 2MB 0, 4MB 0
[    0.080010] Last level dTLB entries: 4KB 0, 2MB 0, 4MB 0, 1GB 0
[    0.084016] Spectre V1 : Mitigation: usercopy/swapgs barriers and __user pointer sanitization
[    0.088012] Spectre V2 : Mitigation: Enhanced IBRS
[    0.092010] Spectre V2 : Spectre v2 / SpectreRSB mitigation: Filling RSB on context switch
[    0.096009] Spectre V2 : Spectre v2 / PBRSB-eIBRS: Retire a single CALL on VMEXIT
[    0.100009] RETBleed: Mitigation: Enhanced IBRS
[    0.108007] Speculative Store Bypass: Vulnerable
[    0.112279] Freeing SMP alternatives memory: 36K
[    0.237390] smpboot: CPU0: 12th Gen Intel(R) Core(TM) i7-12700H (family: 0x6, model: 0x9a, stepping: 0x3)
[    0.241873] Performance Events: unsupported p6 CPU model 154 no PMU driver, software events only.
[    0.244567] Hierarchical SRCU implementation.
[    0.249977] NMI watchdog: Perf event create on CPU 0 failed with -2
[    0.252010] NMI watchdog: Perf NMI watchdog permanently disabled
[    0.257281] smp: Bringing up secondary CPUs ...
[    0.265923] x86: Booting SMP configuration:
[    0.268009] .... node  #0, CPUs:      #1
[    0.004000] kvm-clock: cpu 1, msr 0:3ff44041, secondary cpu clock
[    0.302141] TSC synchronization [CPU#0 -> CPU#1]:
[    0.304000] Measured 50152 cycles TSC warp between CPUs, turning off TSC clock.
[    0.304000] tsc: Marking TSC unstable due to check_tsc_sync_source failed
[    0.312783] smp: Brought up 1 node, 2 CPUs
[    0.316017] smpboot: Max logical packages: 1
[    0.320014] smpboot: Total of 2 processors activated (10751.99 BogoMIPS)
[    0.332309] devtmpfs: initialized
[    0.336299] x86/mm: Memory block size: 128MB
[    0.341314] evm: security.selinux
[    0.344007] evm: security.SMACK64
[    0.348008] evm: security.SMACK64EXEC
[    0.352008] evm: security.SMACK64TRANSMUTE
[    0.356036] evm: security.SMACK64MMAP
[    0.360010] evm: security.apparmor
[    0.364008] evm: security.ima
[    0.368009] evm: security.capability
[    0.380879] clocksource: jiffies: mask: 0xffffffff max_cycles: 0xffffffff, max_idle_ns: 7645041785100000 ns
[    0.384352] futex hash table entries: 512 (order: 3, 32768 bytes)
[    0.392091] pinctrl core: initialized pinctrl subsystem
[    0.400986] RTC time: 21:23:46, date: 12/10/23
[    0.409509] NET: Registered protocol family 16
[    0.416172] audit: initializing netlink subsys (disabled)
[    0.420347] audit: type=2000 audit(1702243432.917:1): state=initialized audit_enabled=0 res=1
[    0.456026] cpuidle: using governor ladder
[    0.460032] cpuidle: using governor menu
[    0.464196] ACPI: bus type PCI registered
[    0.468010] acpiphp: ACPI Hot Plug PCI Controller Driver version: 0.5
[    0.473624] PCI: Using configuration type 1 for base access
[    0.489593] HugeTLB registered 2.00 MiB page size, pre-allocated 0 pages
[    0.508580] ACPI: Added _OSI(Module Device)
[    0.512012] ACPI: Added _OSI(Processor Device)
[    0.516010] ACPI: Added _OSI(3.0 _SCP Extensions)
[    0.520017] ACPI: Added _OSI(Processor Aggregator Device)
[    0.524015] ACPI: Added _OSI(Linux-Dell-Video)
[    0.528014] ACPI: Added _OSI(Linux-Lenovo-NV-HDMI-Audio)
[    0.532012] ACPI: Added _OSI(Linux-HPI-Hybrid-Graphics)
[    0.540601] ACPI: Executed 1 blocks of module-level executable AML code
[    0.561837] ACPI: Interpreter enabled
[    0.564046] ACPI: (supports S0 S5)
[    0.568013] ACPI: Using IOAPIC for interrupt routing
[    0.573207] PCI: Using host bridge windows from ACPI; if necessary, use "pci=nocrs" and report a bug
[    0.576841] ACPI: Enabled 2 GPEs in block 00 to 07
[    0.611265] ACPI: PCI Root Bridge [PCI0] (domain 0000 [bus 00-ff])
[    0.612020] acpi PNP0A03:00: _OSC: OS supports [ASPM ClockPM Segments MSI]
[    0.618147] acpi PNP0A03:00: _OSC: not requesting OS control; OS requires [ExtendedConfig ASPM ClockPM MSI]
[    0.620044] acpi PNP0A03:00: fail to add MMCONFIG information, can't access extended PCI configuration space under this bridge.
[    0.625506] PCI host bridge to bus 0000:00
[    0.628016] pci_bus 0000:00: root bus resource [io  0x0000-0x0cf7 window]
[    0.632010] pci_bus 0000:00: root bus resource [io  0x0d00-0xffff window]
[    0.636015] pci_bus 0000:00: root bus resource [mem 0x000a0000-0x000bffff window]
[    0.640014] pci_bus 0000:00: root bus resource [mem 0x40000000-0xfdffffff window]
[    0.644012] pci_bus 0000:00: root bus resource [bus 00-ff]
[    0.670864] pci 0000:00:01.1: legacy IDE quirk: reg 0x10: [io  0x01f0-0x01f7]
[    0.672014] pci 0000:00:01.1: legacy IDE quirk: reg 0x14: [io  0x03f6]
[    0.676017] pci 0000:00:01.1: legacy IDE quirk: reg 0x18: [io  0x0170-0x0177]
[    0.680009] pci 0000:00:01.1: legacy IDE quirk: reg 0x1c: [io  0x0376]
[    0.742376] pci 0000:00:07.0: quirk: [io  0x4000-0x403f] claimed by PIIX4 ACPI
[    0.748136] pci 0000:00:07.0: quirk: [io  0x4100-0x410f] claimed by PIIX4 SMB
[    0.777039] ACPI: PCI Interrupt Link [LNKA] (IRQs 5 9 10 *11)
[    0.785259] ACPI: PCI Interrupt Link [LNKB] (IRQs 5 9 *10 11)
[    0.788607] ACPI: PCI Interrupt Link [LNKC] (IRQs 5 *9 10 11)
[    0.792665] ACPI: PCI Interrupt Link [LNKD] (IRQs 5 9 10 *11)
[    0.798591] SCSI subsystem initialized
[    0.804629] pci 0000:00:02.0: vgaarb: setting as boot VGA device
[    0.808000] pci 0000:00:02.0: vgaarb: VGA device added: decodes=io+mem,owns=io+mem,locks=none
[    0.808017] pci 0000:00:02.0: vgaarb: bridge control possible
[    0.812010] vgaarb: loaded
[    0.816209] ACPI: bus type USB registered
[    0.820120] usbcore: registered new interface driver usbfs
[    0.824036] usbcore: registered new interface driver hub
[    0.828038] usbcore: registered new device driver usb
[    0.832840] EDAC MC: Ver: 3.0.0
[    0.840730] PCI: Using ACPI for IRQ routing
[    0.849146] NetLabel: Initializing
[    0.852010] NetLabel:  domain hash size = 128
[    0.856006] NetLabel:  protocols = UNLABELED CIPSOv4 CALIPSO
[    0.860050] NetLabel:  unlabeled traffic allowed by default
[    0.868823] clocksource: Switched to clocksource kvm-clock
[    0.912534] VFS: Disk quotas dquot_6.6.0
[    0.912534] VFS: Dquot-cache hash table entries: 512 (order 0, 4096 bytes)
[    0.912534] AppArmor: AppArmor Filesystem Enabled
[    0.912534] pnp: PnP ACPI init
[    0.912534] pnp: PnP ACPI: found 3 devices
[    1.187019] clocksource: acpi_pm: mask: 0xffffff max_cycles: 0xffffff, max_idle_ns: 2085701024 ns
[    1.188951] NET: Registered protocol family 2
[    1.188951] IP idents hash table entries: 16384 (order: 5, 131072 bytes)
[    1.252856] TCP established hash table entries: 8192 (order: 4, 65536 bytes)
[    1.274859] TCP bind hash table entries: 8192 (order: 5, 131072 bytes)
[    1.296894] TCP: Hash tables configured (established 8192 bind 8192)
[    1.319804] UDP hash table entries: 512 (order: 2, 16384 bytes)
[    1.338987] UDP-Lite hash table entries: 512 (order: 2, 16384 bytes)
[    1.359645] NET: Registered protocol family 1
[    1.374155] pci 0000:00:00.0: Limiting direct PCI/PCI transfers
[    1.392507] pci 0000:00:01.0: Activating ISA DMA hang workarounds
[    1.411186] pci 0000:00:02.0: Video device with shadowed ROM at [mem 0x000c0000-0x000dffff]
[    1.438529] Unpacking initramfs...
[    2.396335] Freeing initrd memory: 19528K
[    2.780606] clocksource: tsc: mask: 0xffffffffffffffff max_cycles: 0x26bef4a354e, max_idle_ns: 440795213564 ns
[    2.812923] platform rtc_cmos: registered platform RTC device (no PNP device found)
[    2.837453] Scanning for low memory corruption every 60 seconds
[    2.861292] Initialise system trusted keyrings
[    2.877011] Key type blacklist registered
[    2.891494] workingset: timestamp_bits=36 max_order=18 bucket_order=0
[    2.921412] zbud: loaded
[    2.936465] squashfs: version 4.0 (2009/01/31) Phillip Lougher
[    2.960592] fuse init (API version 7.26)
[    3.035515] Key type asymmetric registered
[    3.052062] Asymmetric key parser 'x509' registered
[    3.068925] Block layer SCSI generic (bsg) driver version 0.4 loaded (major 246)
[    3.094704] io scheduler noop registered
[    3.110252] io scheduler deadline registered
[    3.126661] io scheduler cfq registered (default)
[    3.145275] ACPI: AC Adapter [AC] (on-line)
[    3.159715] input: Power Button as /devices/LNXSYSTM:00/LNXPWRBN:00/input/input0
[    3.185702] ACPI: Power Button [PWRF]
[    3.199543] input: Sleep Button as /devices/LNXSYSTM:00/LNXSLPBN:00/input/input1
[    3.225110] ACPI: Sleep Button [SLPF]
[    3.249161] ACPI: Battery Slot [BAT0] (battery present)
[    3.267460] Serial: 8250/16550 driver, 32 ports, IRQ sharing enabled
[    3.354988] 00:02: ttyS0 at I/O 0x3f8 (irq = 4, base_baud = 115200) is a 16550A
[    3.437097] Linux agpgart interface v0.103
[    3.485490] loop: module loaded
[    3.505929] scsi host0: ata_piix
[    3.521287] scsi host1: ata_piix
[    3.533339] ata1: PATA max UDMA/33 cmd 0x1f0 ctl 0x3f6 bmdma 0xd000 irq 14
[    3.555778] ata2: PATA max UDMA/33 cmd 0x170 ctl 0x376 bmdma 0xd008 irq 15
[    3.578490] tun: Universal TUN/TAP device driver, 1.6
[    3.597527] PPP generic driver version 2.4.2
[    3.614051] ehci_hcd: USB 2.0 'Enhanced' Host Controller (EHCI) Driver
[    3.635253] ehci-pci: EHCI PCI platform driver
[    3.650817] ehci-platform: EHCI generic platform driver
[    3.667501] ohci_hcd: USB 1.1 'Open' Host Controller (OHCI) Driver
[    3.687641] ohci-pci: OHCI PCI platform driver
[    3.702706] ohci-platform: OHCI generic platform driver
[    3.720210] uhci_hcd: USB Universal Host Controller Interface driver
[    3.740615] i8042: PNP: PS/2 Controller [PNP0303:PS2K,PNP0f03:PS2M] at 0x60,0x64 irq 1,12
[    3.814645] serio: i8042 KBD port at 0x60,0x64 irq 1
[    3.831548] serio: i8042 AUX port at 0x60,0x64 irq 12
[    3.882266] mousedev: PS/2 mouse device common for all mice
[    3.910860] input: AT Translated Set 2 keyboard as /devices/platform/i8042/serio0/input/input2
[    3.913266] rtc_cmos rtc_cmos: rtc core: registered rtc_cmos as rtc0
[    3.965588] rtc_cmos rtc_cmos: alarms up to one day, 114 bytes nvram
[    3.983830] i2c /dev entries driver
[    3.987677] device-mapper: uevent: version 1.0.3
[    4.008737] device-mapper: ioctl: 4.37.0-ioctl (2017-09-20) initialised: dm-devel@redhat.com
[    4.035573] ledtrig-cpu: registered to indicate activity on CPUs
[    4.065026] NET: Registered protocol family 10
[    4.112812] Segment Routing with IPv6
[    4.123918] NET: Registered protocol family 17
[    4.137328] Key type dns_resolver registered
[    4.149682] mce: Using 0 MCE banks
[    4.160091] RAS: Correctable Errors collector initialized.
[    4.176634] sched_clock: Marking stable (4176518640, 0)->(7234575792, -3058057152)
[    4.214146] registered taskstats version 1
[    4.225882] Loading compiled-in X.509 certificates
[    4.254615] Loaded X.509 cert 'Build time autogenerated kernel key: b5b26778eaa3ab3a4a6cee031137706e947d12ad'
[    4.284315] Loaded X.509 cert 'Canonical Ltd. Live Patch Signing: 14df34d1a87cf37625abec039ef2bf521249b969'
[    4.317279] Loaded X.509 cert 'Canonical Ltd. Kernel Module Signing: 88f752e560a1e0737e31163a466ad7b70a850c19'
[    4.346059] blacklist: Loading compiled-in revocation X.509 certificates
[    4.365742] Loaded X.509 cert 'Canonical Ltd. Secure Boot Signing: 61482aa2830d0ab2ad5af10b7250da9033ddcef0'
[    4.394375] Loaded X.509 cert 'Canonical Ltd. Secure Boot Signing (2017): 242ade75ac4a15e50d50c84b0d45ff3eae707a03'
[    4.423796] Loaded X.509 cert 'Canonical Ltd. Secure Boot Signing (ESM 2018): 365188c1d374d6b07c3c8f240f8ef722433d6a8b'
[    4.453782] Loaded X.509 cert 'Canonical Ltd. Secure Boot Signing (2019): c0746fd6c5da3ae827864651ad66ae47fe24b3e8'
[    4.483052] Loaded X.509 cert 'Canonical Ltd. Secure Boot Signing (2021 v1): a8d54bbb3825cfb94fa13c9f8a594a195c107b8d'
[    4.513205] Loaded X.509 cert 'Canonical Ltd. Secure Boot Signing (2021 v2): 4cf046892d6fd3c9a5b03f98d845f90851dc6a8c'
[    4.543200] Loaded X.509 cert 'Canonical Ltd. Secure Boot Signing (2021 v3): 100437bb6de6e469b581e61cd66bce3ef4ed53af'
[    4.573909] Loaded X.509 cert 'Canonical Ltd. Secure Boot Signing (Ubuntu Core 2019): c1d57b8f6b743f23ee41f4f7ee292f06eecadfb9'
[    4.607712] zswap: loaded using pool lzo/zbud
[    4.657502] Key type big_key registered
[    4.668784] Key type trusted registered
[    4.693779] Key type encrypted registered
[    4.706373] AppArmor: AppArmor sha1 policy hashing enabled
[    4.723254] ima: No TPM chip found, activating TPM-bypass! (rc=-19)
[    4.741346] ima: Allocated hash algorithm: sha1
[    4.755369] evm: HMAC attrs: 0x1
[    4.767629]   Magic number: 3:839:398
[    4.780339] rtc_cmos rtc_cmos: setting system clock to 2023-12-10 21:23:51 UTC (1702243431)
[    4.809227] BIOS EDD facility v0.16 2004-Jun-25, 0 devices found
[    4.826524] EDD information not available.
[    4.847690] Freeing unused kernel image memory: 2480K
[    5.504503] Write protecting the kernel read-only data: 20480k
[    5.528464] Freeing unused kernel image memory: 2008K
[    5.543957] Freeing unused kernel image memory: 1820K
[    5.568660] x86/mm: Checked W+X mappings: passed, no W+X pages found.
Loading, please wait...
starting version 237
[    5.954854] e1000: Intel(R) PRO/1000 Network Driver - version 7.3.21-k8-NAPI
[    5.976778] e1000: Copyright (c) 1999-2006 Intel Corporation.
[    6.011800] Fusion MPT base driver 3.04.20
[    6.022535] Copyright (c) 1999-2008 LSI Corporation
[    6.116379] Fusion MPT SPI Host driver 3.04.20
[    6.386297] input: ImExPS/2 Generic Explorer Mouse as /devices/platform/i8042/serio1/input/input4
[    7.732950] e1000 0000:00:03.0 eth0: (PCI:33MHz:32-bit) 02:3b:7b:b7:3b:2d
[    7.753132] e1000 0000:00:03.0 eth0: Intel(R) PRO/1000 Network Connection
[    7.782484] e1000 0000:00:03.0 enp0s3: renamed from eth0
[    7.782591] mptbase: ioc0: Initiating bringup
[    8.559008] ioc0: LSI53C1030 A0: Capabilities={Initiator}
[    8.921479] scsi host2: ioc0: LSI53C1030 A0, FwRev=00000000h, Ports=1, MaxQ=256, IRQ=20
[    9.853543] scsi 2:0:0:0: Direct-Access     VBOX     HARDDISK         1.0  PQ: 0 ANSI: 5
[   10.902422] scsi target2:0:0: Beginning Domain Validation
[   10.932709] scsi target2:0:0: Domain Validation skipping write tests
[   10.950178] scsi target2:0:0: Ending Domain Validation
[   10.965650] scsi target2:0:0: asynchronous
[   10.983254] scsi 2:0:1:0: Direct-Access     VBOX     HARDDISK         1.0  PQ: 0 ANSI: 5
[   11.544976] scsi target2:0:1: Beginning Domain Validation
[   11.577032] scsi target2:0:1: Domain Validation skipping write tests
[   11.594505] scsi target2:0:1: Ending Domain Validation
[   11.611484] scsi target2:0:1: asynchronous
[   11.653565] sd 2:0:0:0: [sda] 83886080 512-byte logical blocks: (42.9 GB/40.0 GiB)
[   11.675116] sd 2:0:0:0: [sda] Write Protect is off
[   11.690095] sd 2:0:0:0: [sda] Incomplete mode parameter data
[   11.705852] sd 2:0:0:0: [sda] Assuming drive cache: write through
[   11.725913] sd 2:0:0:0: Attached scsi generic sg0 type 0
[   11.747869] sd 2:0:1:0: Attached scsi generic sg1 type 0
[   11.762840] sd 2:0:1:0: [sdb] 20480 512-byte logical blocks: (10.5 MB/10.0 MiB)
[   11.795330] sd 2:0:1:0: [sdb] Write Protect is off
[   11.820415] sd 2:0:1:0: [sdb] Incomplete mode parameter data
[   11.838460] sd 2:0:1:0: [sdb] Assuming drive cache: write through
[   11.872358]  sda: sda1
[   11.915968] sd 2:0:1:0: [sdb] Attached SCSI disk
[   11.931281] sd 2:0:0:0: [sda] Attached SCSI disk
Begin: Loading essential drivers ... [   16.299242] raid6: sse2x1   gen() 27277 MB/s
[   17.300772] raid6: sse2x1   xor() 75428 MB/s
[   18.298732] raid6: sse2x2   gen() 169298 MB/s
[   20.300607] raid6: sse2x2   xor() 98568 MB/s
[   21.298905] raid6: sse2x4   gen() 181868 MB/s
[   22.340331] raid6: sse2x4   xor()  4018 MB/s
[   22.354271] raid6: using algorithm sse2x4 gen() 181868 MB/s
[   22.372353] raid6: .... xor() 4018 MB/s, rmw enabled
[   22.388482] raid6: using ssse3x2 recovery algorithm
[   22.410643] xor: measuring software checksum speed
[   22.464777]    prefetch64-sse:  6873.000 MB/sec
[   22.516926]    generic_sse:  6587.000 MB/sec
[   22.529541] xor: using function: prefetch64-sse (6873.000 MB/sec)
[   22.551434] async_tx: api initialized (async)
done.
Begin: Running /scripts/init-premount ... done.
Begin: Mounting root file system ... Begin: Running /scripts/local-top ... done.
Begin: Running /scripts/local-premount ... [   22.727130] Btrfs loaded, crc32c=crc32c-intel
Scanning for Btrfs filesystems
done.
Warning: fsck not present, so skipping root file system
[   22.881628] EXT4-fs (sda1): mounted filesystem with ordered data mode. Opts: (null)
done.
Begin: Running /scripts/local-bottom ... done.
Begin: Running /scripts/init-bottom ... done.
[   23.465396] ip_tables: (C) 2000-2006 Netfilter Core Team
[   23.534591] systemd[1]: systemd 237 running in system mode. (+PAM +AUDIT +SELINUX +IMA +APPARMOR +SMACK +SYSVINIT +UTMP +LIBCRYPTSETUP +GCRYPT +GNUTLS +ACL +XZ +LZ4 +SECCOMP +BLKID +ELFUTILS +KMOD -IDN2 +IDN -PCRE2 default-hierarchy=hybrid)
[   23.592619] systemd[1]: Detected virtualization oracle.
[   23.609142] systemd[1]: Detected architecture x86-64.

Welcome to [1mUbuntu 18.04.6 LTS[0m!

[   23.725108] systemd[1]: Set hostname to <ubuntu>.
[   23.760563] random: systemd: uninitialized urandom read (16 bytes read)
[   23.779026] systemd[1]: Initializing machine ID from random generator.
[   23.797494] systemd[1]: Installed transient /etc/machine-id file.
[   24.591106] random: systemd: uninitialized urandom read (16 bytes read)
[   24.609958] systemd[1]: Reached target Mounting snaps.
[[0;32m  OK  [0m] Reached target Mounting snaps.
[   24.630149] random: systemd: uninitialized urandom read (16 bytes read)
[   24.649741] systemd[1]: Reached target Swap.
[[0;32m  OK  [0m] Reached target Swap.
[   24.666444] systemd[1]: Reached target User and Group Name Lookups.
[[0;32m  OK  [0m] Reached target User and Group Name Lookups.
[   24.692731] systemd[1]: Set up automount Arbitrary Executable File Formats File System Automount Point.
[[0;32m  OK  [0m] Set up automount Arbitrary Executabâ€¦rmats File System Automount Point.
[[0;32m  OK  [0m] Reached target Mounted snaps.
[[0;32m  OK  [0m] Created slice System Slice.
[   24.779116] random: systemd: uninitialized urandom read (16 bytes read)
[[0;32m  OK  [0m] Listening on Device-mapper event daemon FIFOs.
[   24.808790] random: systemd: uninitialized urandom read (16 bytes read)
[[0;32m  OK  [0m] Listening on LVM2 poll daemon socket.
[   24.833538] random: systemd: uninitialized urandom read (16 bytes read)
[[0;32m  OK  [0m] Listening on Journal Socket (/dev/log).
[[0;32m  OK  [0m] Listening on udev Control Socket.
[[0;32m  OK  [0m] Listening on Syslog Socket.
[[0;32m  OK  [0m] Listening on Journal Audit Socket.
[[0;32m  OK  [0m] Listening on fsck to fsckd communication Socket.
[[0;32m  OK  [0m] Listening on Journal Socket.
         Starting File System Check on Root Device...
         Mounting Huge Pages File System...
         Starting Create list of required stâ€¦ce nodes for the current kernel...
         Mounting POSIX Message Queue File System...
[[0;32m  OK  [0m] Listening on /dev/initctl Compatibility Named Pipe.
[[0;32m  OK  [0m] Listening on udev Kernel Socket.
         Mounting Kernel Debug File System...
         Starting Journal Service...
         Starting Uncomplicated firewall...
[[0;32m  OK  [0m] Listening on Network Service Netlink Socket.
[[0;32m  OK  [0m] Listening on LVM2 metadata daemon socket.
         Starting Monitoring of LVM2 mirrorsâ€¦ng dmeventd or progress polling...
[[0;32m  OK  [0m] Started Forward Password Requests to Wall Directory Watch.
[[0;32m  OK  [0m] Created slice User and Session Slice.
[[0;32m  OK  [0m] Reached target Slices.
         Starting Load Kernel Modules...
         Starting udev Coldplug all Devices...
         Starting Set the console keyboard layout...
[[0;32m  OK  [0m] Reached target System Time Synchronized.
[[0;32m  OK  [0m] Created slice system-serial\x2dgetty.slice.
[[0;32m  OK  [0m] Mounted Huge Pages File System.
[[0;32m  OK  [0m] Started Create list of required staâ€¦vice nodes for the current kernel.
[[0;32m  OK  [0m] Mounted POSIX Message Queue File System.
[[0;32m  OK  [0m] Mounted Kernel Debug File System.
[[0;32m  OK  [0m] Started Uncomplicated firewall.
[[0;32m  OK  [0m] Started File System Check Daemon to report status.
         Starting Create Static Device Nodes in /dev...
[[0;32m  OK  [0m] Started File System Check on Root Device.
         Starting Remount Root and Kernel File Systems...
[[0;32m  OK  [0m] Started udev Coldplug all Devices.
[   25.309556] Loading iSCSI transport class v2.0-870.
[[0;32m  OK  [0m] Started LVM2 metadata daemon.
[[0;32m  OK  [0m] Started Journal Service.
[   25.431043] iscsi: registered transport (tcp)
[   25.504374] EXT4-fs (sda1): re-mounted. Opts: (null)
[[0;32m  OK  [0m] Started Remount Root and Kernel File Systems.
         Starting Flush Journal to Persistent Storage...
         Starting Load/Save Random Seed...
[[0;32m  OK  [0m] Started Create Static Device Nodes in /dev.
         Starting udev Kernel Device Manager...
[   25.655657] systemd-journald[384]: Received request to flush runtime journal from PID 1
[[0;32m  OK  [0m] Started Load/Save Random Seed.
[[0;32m  OK  [0m] Started Monitoring of LVM2 mirrors,â€¦sing dmeventd or progress polling.
[[0;32m  OK  [0m] Started Flush Journal to Persistent Storage.
[[0;32m  OK  [0m] Started udev Kernel Device Manager.
[   25.902564] iscsi: registered transport (iser)
[[0;32m  OK  [0m] Started Load Kernel Modules.
[   25.950187] random: systemd: uninitialized urandom read (16 bytes read)
         Starting Apply Kernel Variables...[   25.996094] random: systemd-journal: uninitialized urandom read (16 bytes read)

[   26.014227] random: systemd: uninitialized urandom read (16 bytes read)
         Mounting Kernel Configuration File System...
         Mounting FUSE Control File System...
[[0;32m  OK  [0m] Started Apply Kernel Variables.
[[0;32m  OK  [0m] Mounted Kernel Configuration File System.
[[0;32m  OK  [0m] Mounted FUSE Control File System.
[[0;32m  OK  [0m] Found device /dev/ttyS0.
[[0;32m  OK  [0m] Listening on Load/Save RF Kill Switch Status /dev/rfkill Watch.
[[0;32m  OK  [0m] Started Set the console keyboard layout.
         Mounting Arbitrary Executable File Formats File System...
[[0;32m  OK  [0m] Started Dispatch Password Requests to Console Directory Watch.
[[0;32m  OK  [0m] Reached target Local Encrypted Volumes.
[[0;32m  OK  [0m] Reached target Local File Systems (Pre).
[[0;32m  OK  [0m] Reached target Local File Systems.
         Starting Create Volatile Files and Directories...
         Starting Commit a transient machine-id on disk...
         Starting Tell Plymouth To Write Out Runtime Data...
         Starting Set console font and keymap...
         Starting AppArmor initialization...
         Starting ebtables ruleset management...
[[0;32m  OK  [0m] Mounted Arbitrary Executable File Formats File System.
[[0;32m  OK  [0m] Started Tell Plymouth To Write Out Runtime Data.
[[0;32m  OK  [0m] Started Commit a transient machine-id on disk.
[[0;32m  OK  [0m] Started Create Volatile Files and Directories.
         Starting Update UTMP about System Boot/Shutdown...
[[0;32m  OK  [0m] Started Update UTMP about System Boot/Shutdown.
[[0;32m  OK  [0m] Started ebtables ruleset management.
[[0;32m  OK  [0m] Started AppArmor initialization.
         Starting Load AppArmor profiles managed internally by snapd...
         Starting Initial cloud-init job (pre-networking)...
[[0;32m  OK  [0m] Started Load AppArmor profiles managed internally by snapd.
[[0;32m  OK  [0m] Started Set console font and keymap.
[   34.741191] cloud-init[745]: Cloud-init v. 23.1.2-0ubuntu0~18.04.1 running 'init-local' at Sun, 10 Dec 2023 21:24:20 +0000. Up 33.87 seconds.
[[0;32m  OK  [0m] Started Initial cloud-init job (pre-networking).
[[0;32m  OK  [0m] Reached target Network (Pre).
         Starting Network Service...
[[0;32m  OK  [0m] Started Network Service.
         Starting Network Name Resolution...
         Starting Wait for Network to be Configured...
[[0;32m  OK  [0m] Started Network Name Resolution.
[[0;32m  OK  [0m] Reached target Host and Network Name Lookups.
[[0;32m  OK  [0m] Reached target Network.
[[0;32m  OK  [0m] Started Wait for Network to be Configured.
         Starting Initial cloud-init job (metadata service crawler)...
[   37.515541] cloud-init[868]: Cloud-init v. 23.1.2-0ubuntu0~18.04.1 running 'init' at Sun, 10 Dec 2023 21:24:23 +0000. Up 37.23 seconds.
[   37.527762] cloud-init[868]: ci-info: ++++++++++++++++++++++++++++++++++++++Net device info++++++++++++++++++++++++++++++++++++++
[   37.542935] cloud-init[868]: ci-info: +--------+------+----------------------------+---------------+--------+-------------------+
[   37.562683] cloud-init[868]: ci-info: | Device |  Up  |          Address           |      Mask     | Scope  |     Hw-Address    |
[   37.573873] cloud-init[868]: ci-info: +--------+------+----------------------------+---------------+--------+-------------------+
[   37.595707] cloud-init[868]: ci-info: | enp0s3 | True |         10.0.2.15          | 255.255.255.0 | global | 02:3b:7b:b7:3b:2d |
[   37.617615] cloud-init[868]: ci-info: | enp0s3 | True | fe80::3b:7bff:feb7:3b2d/64 |       .       |  link  | 02:3b:7b:b7:3b:2d |
[   37.641363] cloud-init[868]: ci-info: |   lo   | True |         127.0.0.1          |   255.0.0.0   |  host  |         .         |
[   37.667097] cloud-init[868]: ci-info: |   lo   | True |          ::1/128           |       .       |  host  |         .         |
[   37.689363] cloud-init[868]: ci-info: +--------+------+----------------------------+---------------+--------+-------------------+
[   37.699966] cloud-init[868]: ci-info: ++++++++++++++++++++++++++++Route IPv4 info+++++++++++++++++++++++++++++
[   37.718326] cloud-init[868]: ci-info: +-------+-------------+----------+-----------------+-----------+-------+
[   37.735121] cloud-init[868]: ci-info: | Route | Destination | Gateway  |     Genmask     | Interface | Flags |
[   37.750403] cloud-init[868]: ci-info: +-------+-------------+----------+-----------------+-----------+-------+
[   37.765962] cloud-init[868]: ci-info: |   0   |   0.0.0.0   | 10.0.2.2 |     0.0.0.0     |   enp0s3  |   UG  |
[   37.785988] cloud-init[868]: ci-info: |   1   |   10.0.2.0  | 0.0.0.0  |  255.255.255.0  |   enp0s3  |   U   |
[   37.801905] cloud-init[868]: ci-info: |   2   |   10.0.2.2  | 0.0.0.0  | 255.255.255.255 |   enp0s3  |   UH  |
[   37.827201] cloud-init[868]: ci-info: +-------+-------------+----------+-----------------+-----------+-------+
[   37.853175] cloud-init[868]: ci-info: +++++++++++++++++++Route IPv6 info+++++++++++++++++++
[   37.877996] cloud-init[868]: ci-info: +-------+-------------+---------+-----------+-------+
[   37.886340] cloud-init[868]: ci-info: | Route | Destination | Gateway | Interface | Flags |
[   37.912140] cloud-init[868]: ci-info: +-------+-------------+---------+-----------+-------+
[   37.934729] cloud-init[868]: ci-info: |   1   |  fe80::/64  |    ::   |   enp0s3  |   U   |
[   37.949164] cloud-init[868]: ci-info: |   3   |    local    |    ::   |   enp0s3  |   U   |
[   37.965418] cloud-init[868]: ci-info: |   4   |   ff00::/8  |    ::   |   enp0s3  |   U   |
[   37.977232] cloud-init[868]: ci-info: +-------+-------------+---------+-----------+-------+
[   40.056670] cloud-init[868]: Generating public/private rsa key pair.
[   40.062826] cloud-init[868]: Your identification has been saved in /etc/ssh/ssh_host_rsa_key.
[   40.069414] cloud-init[868]: Your public key has been saved in /etc/ssh/ssh_host_rsa_key.pub.
[   40.078341] cloud-init[868]: The key fingerprint is:
[   40.083459] cloud-init[868]: SHA256:XysByiPWvuyWb7CAsl0KWfx+sKj42nC7s+k89+9Lf08 root@ubuntu-bionic
[   40.091826] cloud-init[868]: The key's randomart image is:
[   40.097471] cloud-init[868]: +---[RSA 2048]----+
[   40.103149] cloud-init[868]: |                 |
[   40.107354] cloud-init[868]: |                 |
[   40.112555] cloud-init[868]: | .      .        |
[   40.117535] cloud-init[868]: |  o  o . .       |
[   40.121876] cloud-init[868]: | o oo = S . .    |
[   40.127335] cloud-init[868]: |+ ..=o.. . o .   |
[   40.131460] cloud-init[868]: |.=.= +.+. o . E  |
[   40.137263] cloud-init[868]: |o=*o+.=o.. ...   |
[   40.142575] cloud-init[868]: |+=X* ====... ..  |
[   40.146482] cloud-init[868]: +----[SHA256]-----+
[   40.153471] cloud-init[868]: Generating public/private dsa key pair.
[   40.162612] cloud-init[868]: Your identification has been saved in /etc/ssh/ssh_host_dsa_key.
[   40.171606] cloud-init[868]: Your public key has been saved in /etc/ssh/ssh_host_dsa_key.pub.
[   40.181047] cloud-init[868]: The key fingerprint is:
[   40.186272] cloud-init[868]: SHA256:P2R2oc89QtCqhWb8OBjE6ae6Uhv5Zs+zfBWG47XLcd4 root@ubuntu-bionic
[   40.195180] cloud-init[868]: The key's randomart image is:
[   40.201253] cloud-init[868]: +---[DSA 1024]----+
[   40.205598] cloud-init[868]: |                 |
[   40.211595] cloud-init[868]: |     . .   .     |
[   40.217795] cloud-init[868]: |      +   ..o    |
[[0;32m  OK  [0m] Started Initial cloud-init job (metadata service crawler).
[[0;32m  OK  [0m] Reached target Network is Online.
[   40.241318] cloud-init[868]: |     o . .o++.   |         Starting Availability of block devices...
[[0;32m  OK  [0m] Reached target Remote File Systems (Pre).
[[0;32m  OK  [0m] Reached target Remote File Systems.
[[0;32m  OK  [0m] Reached target Cloud-config availability.
[[0;32m  OK  [0m] Reached target System Initialization.
[[0;32m  OK  [0m] Started Ubuntu Advantage Timer for running repeated jobs.
[[0;32m  OK  [0m] Listening on ACPID Listen Socket.
         Starting Socket activation for snappy daemon.
[[0;32m  OK  [0m] Started Daily apt download activities.
[[0;32m  OK  [0m] Started Message of the Day.
[[0;32m  OK  [0m] Started ACPI Events Check.
[[0;32m  OK  [0m] Started Daily apt upgrade and clean activities.
[[0;32m  OK  [0m] Listening on D-Bus System Message Bus Socket.
[[0;32m  OK  [0m] Started Daily Cleanup of Temporary Directories.
[[0;32m  OK  [0m] Reached target Paths.
[[0;32m  OK  [0m] Listening on cloud-init hotplug hook socket.
[[0;32m  OK  [0m] Listening on Open-iSCSI iscsid Socket.
[[0;32m  OK  [0m] Started Discard unused blocks once a week.
[[0;32m  OK  [0m] Reached target Timers.
         Starting LXD - unix socket.
[[0;32m  OK  [0m] Listening on UUID daemon activation socket.
[[0;32m  OK  [0m] Started Availability of block devices.
[[0;32m  OK  [0m] Listening on LXD - unix socket.

[   40.361960] cloud-init[868]: |     .o S.B+oo   |
[   40.370674] cloud-init[[0;32m  OK  [0m] Listening on Socket activation for snappy daemon.
[[0;32m  OK  [0m] Reached target Sockets.
[[0;32m  OK  [0m] Reached target Basic System.
[[0;32m  OK  [0m] Reached target Login Prompts (Pre).
[[0;32m  OK  [0m] Started Regular background program processing daemon.
[[0;32m  OK  [0m] Started irqbalance daemon.
[[0;32m  OK  [0m] Started D-Bus System Message Bus.
[868]: |    +  B X.=+..  |
[   40.417886] cloud-init[868]: |   . +o + +o+=o. |
[   40.426226] cloud-init[868]: |  . ..+o....o...E|
[   40.431211] cloud-init[868]: |   .o+ .=+       |
[   40.437828] cloud-init[868]: +----[SHA256]-----+
[   40.445055] cloud-init[868]: Generating public/private ecdsa key pair.
[   40.452958] cloud-init[868]: Your identification has been saved in /etc/ssh/ssh_host_ecdsa_key.
[   40.463643] cloud-init[868]: Your public key has been saved in /etc/ssh/ssh_host_ecdsa_key.pub.
[   40.474726] cloud-init[868]: The key fingerprint is:
[   40.481759] cloud-init[868]: SHA256:IS2h/aVnQOQmUudOW5yl/X/qo3mXVE7/2g5YNSWycAs root@ubuntu-bionic
[   40.492120] cloud-init[868]: The key's randomart image is:
[   40.499265] cloud-init[868]: +---[ECDSA 256]---+
[   40.504972] cloud-init[868]: |      o.+ E + . .|
[   40.510698] cloud-init[868]: |     + B . O + ..|
[   40.516001] cloud-init[868]: |    o = O * +  ..|
[   40.522532] cloud-init[868]: |     . O B   . .+|
[   40.529432] cloud-init[868]: |        S o   ooo|
[   40.537681] cloud-init[868]: |         o   o oo|
[   40.546652] cloud-init[868]: |            . o =|
[   40.553402] cloud-init[868]: |             .o=+|
[   40.567390] cloud-init[868]: |            o++=o|
[   40.574907] [[0;32m  OK  [0m] Started FUSE filesystem for LXC.
         Starting Permit User Sessions...
cloud-init         Starting System Logging Service...
[868]:          Starting Virtualbox guest utils...
         Starting LSB: automatic crash report generation...
         Starting Login Service...
+----[SHA256]-----+
[   40.638661] cloud-init[868]: Generating public/private ed25519 key pair.
[   40.665895] cloud-init         Starting Dispatcher daemon for systemd-networkd...
         Starting LXD - container startup/shutdown...
         Starting Accounts Service...
[868]: [[0;32m  OK  [0m] Started Deferred execution scheduler.
Your identification has been saved in /etc/ssh/ssh_host_ed25519_key.         Starting Pollinate to seed the pseudo random number generator...

[   40.723323] cloud-init[868]: Your public key has been saved in /etc/ssh/ssh_host_ed25519_key.pub.         Starting LSB: Record successful boot for GRUB...

[   40.758056] cloud-init[868]: The key fingerprint is:
[   40.778655] cloud-init[868]: SHA256:IIV1waOJZiF6Su4VrZ8/z9uLvZ5Z9HKGOfzGzdZyW+w root@ubuntu-bionic
[   40.803289] cloud-init[868]: The key's randomart image is:
[   40.822896] cloud-init[868]: +--[ED25519 256]--+
[   40.838165] cloud-init[868]: |     oo.o.       |
[   40.845452] cloud-init[868]: |  . o. .o        |         Starting Snap Daemon...

[[0;32m  OK  [0m] Started Permit User Sessions.
[   40.860525] cloud-init[868]: | . .oo.o .       |
[   40.874645]          Starting Hold until boot process finishes up...
         Starting Terminate Plymouth Boot Screen...
cloud-init[868]: [[0;32m  OK  [0m] Started Terminate Plymouth Boot Screen.
|....+oo.         |
[   40.919025] [[0;32m  OK  [0m] Started Hold until boot process finishes up.
         Starting Set console scheme...
[[0;32m  OK  [0m] Started Serial Getty on ttyS0.
cloud-init[868]: |oo oo   S    .   |
[   40.942788] cloud-init[868]: |.. o        o +. |
[   40.958895] cloud-init[868]: |. . . .      B.==|
[   40.981691] cloud-init[868]: | .   o .. + + B+B|
[   40.999261] cloud-init[868]: |      ..o=oOo .*E|
[   41.014939] cloud-init[868]: +----[SHA256]-----+
[[0;32m  OK  [0m] Started LSB: automatic crash report generation.
[[0;32m  OK  [0m] Started Set console scheme.
[[0;32m  OK  [0m] Created slice system-getty.slice.
[[0;32m  OK  [0m] Started Getty on tty1.
[[0;32m  OK  [0m] Reached target Login Prompts.
[[0;32m  OK  [0m] Started Login Service.
[[0;32m  OK  [0m] Started Unattended Upgrades Shutdown.
[[0;32m  OK  [0m] Started LSB: Record successful boot for GRUB.
[[0;32m  OK  [0m] Started System Logging Service.
         Starting Authorization Manager...
[[0;32m  OK  [0m] Started Virtualbox guest utils.
[[0;32m  OK  [0m] Started Authorization Manager.
[[0;32m  OK  [0m] Started Accounts Service.
[[0;32m  OK  [0m] Started LXD - container startup/shutdown.
[[0;32m  OK  [0m] Started Dispatcher daemon for systemd-networkd.
[[0;32m  OK  [0m] Started Pollinate to seed the pseudo random number generator.
         Starting OpenBSD Secure Shell server...
[[0;32m  OK  [0m] Started OpenBSD Secure Shell server.
[[0;32m  OK  [0m] Started Snap Daemon.
         Starting Wait until snapd is fully seeded...
[[0;32m  OK  [0m] Created slice User Slice of vagrant.
         Starting User Manager for UID 1000...
[[0;32m  OK  [0m] Started Session 1 of user vagrant.
[[0;32m  OK  [0m] Started User Manager for UID 1000.
         Starting Time & Date Service...
[[0;32m  OK  [0m] Started Time & Date Service.

Ubuntu 18.04.6 LTS ubuntu-bionic ttyS0

ubuntu-bionic login: [   51.612526] cloud-init[1432]: Cloud-init v. 23.1.2-0ubuntu0~18.04.1 running 'modules:config' at Sun, 10 Dec 2023 21:24:36 +0000. Up 50.03 seconds.
ci-info: no authorized SSH keys fingerprints found for user ubuntu.
<14>Dec 10 21:24:39 cloud-init: #############################################################
<14>Dec 10 21:24:39 cloud-init: -----BEGIN SSH HOST KEY FINGERPRINTS-----
<14>Dec 10 21:24:39 cloud-init: 1024 SHA256:P2R2oc89QtCqhWb8OBjE6ae6Uhv5Zs+zfBWG47XLcd4 root@ubuntu-bionic (DSA)
<14>Dec 10 21:24:39 cloud-init: 256 SHA256:IS2h/aVnQOQmUudOW5yl/X/qo3mXVE7/2g5YNSWycAs root@ubuntu-bionic (ECDSA)
<14>Dec 10 21:24:39 cloud-init: 256 SHA256:IIV1waOJZiF6Su4VrZ8/z9uLvZ5Z9HKGOfzGzdZyW+w root@ubuntu-bionic (ED25519)
<14>Dec 10 21:24:39 cloud-init: 2048 SHA256:XysByiPWvuyWb7CAsl0KWfx+sKj42nC7s+k89+9Lf08 root@ubuntu-bionic (RSA)
<14>Dec 10 21:24:39 cloud-init: -----END SSH HOST KEY FINGERPRINTS-----
<14>Dec 10 21:24:39 cloud-init: #############################################################
-----BEGIN SSH HOST KEY KEYS-----
ecdsa-sha2-nistp256 AAAAE2VjZHNhLXNoYTItbmlzdHAyNTYAAAAIbmlzdHAyNTYAAABBBJvXlLC0MGgtSejZGu41Zd/bjQnnEVpTmJrk3ddVJsns3zcLolhWGKdq9zZFmcTT5q4YLJVAjnp0V8t0incgeow= root@ubuntu-bionic
ssh-ed25519 AAAAC3NzaC1lZDI1NTE5AAAAIHLEnT3wq2hq2h0BscqpyYd5pQKvO3g5Pku6RxP5KcnS root@ubuntu-bionic
ssh-rsa AAAAB3NzaC1yc2EAAAADAQABAAABAQCTTv0NosAXpwaIYIu9Aw8wye2HzHXtno4Bc54osCn4zuxOqLJCkD/9GMHqIMkd9bDqxSgDLDlaaou8xXaCov1k9YAkD9tbxV+voFKyQV1sNaAXipOBq46AYWk1QVih8aYwTkdnXI3NoiPhfKVXs9wS7dE5cQY9D4scPGB42csWZ17Y1PhUMNb8+9yDZg8arj9MrYZF/jl6PZjWCuggoM5CXVhz6gFjl4eNeG0ZFeGocjsN7R0zq/DFNgCdrVadr2gTmDdLlt5Iql1ZtNvHihekc+iecgN+Sq+RoaZFbxoapLaAfT1N46jLQQNmejuVLGoViVSIlDV1YzQ61P8ux3hN root@ubuntu-bionic
-----END SSH HOST KEY KEYS-----
[   53.300985] cloud-init[1547]: Cloud-init v. 23.1.2-0ubuntu0~18.04.1 running 'modules:final' at Sun, 10 Dec 2023 21:24:39 +0000. Up 52.73 seconds.
[   53.301095] cloud-init[1547]: Cloud-init v. 23.1.2-0ubuntu0~18.04.1 finished at Sun, 10 Dec 2023 21:24:39 +0000. Datasource DataSourceNoCloud [seed=/dev/sdb][dsmode=net].  Up 53.19 seconds
